     1                                  bits 32
     2                                  
     3                                  global start,sFinal 
     4                                         
     5                                  extern exit,scanf,printf
     6                                  extern concatenare  
     7                                              
     8                                  import exit msvcrt.dll
     9                                  import scanf msvcrt.dll
    10                                  import printf msvcrt.dll
    11                                              
    12                                  segment data use32 data
    13 00000000 446174692073697275-         mesaj db "Dati sirul %d: ",0
    13 00000009 6C2025643A2000     
    14 00000010 257300                      format db "%s",0
    15 00000013 00<rept>                    s1 times 10 db 0
    16 0000001D 00<rept>                    s2 times 10 db 0
    17 00000027 00<rept>                    s3 times 10 db 0
    18 00000031 00<rept>                    sFinal times 100 db 0
    19 00000095 536972756C2072657A-         mesajFinal db "Sirul rezultat prin concatenare este: %s",0
    19 0000009E 756C74617420707269-
    19 000000A7 6E20636F6E63617465-
    19 000000B0 6E6172652065737465-
    19 000000B9 3A20257300         
    20                                   
    21                                  segment code use32 public code
    22                                      start:
    23 00000000 BB01000000                      mov ebx, 1
    24                                              
    25 00000005 53                              push ebx
    26 00000006 68[00000000]                    push dword mesaj
    27 0000000B FF15[00000000]                  call [printf]
    28 00000011 83C408                          add esp,4*2  
    29                                              
    30                                          sir_s1:
    31 00000014 68[13000000]                        push dword s1
    32 00000019 68[10000000]                        push dword format
    33 0000001E FF15[00000000]                      call [scanf]
    34 00000024 83C408                              add esp, 4*2
    35                                  
    36 00000027 43                              inc ebx
    37                                            
    38 00000028 53                              push ebx
    39 00000029 68[00000000]                    push dword mesaj
    40 0000002E FF15[00000000]                  call [printf]
    41 00000034 83C408                          add esp,4*2 
    42                                          
    43                                          sir_s2:
    44 00000037 68[1D000000]                        push dword s2
    45 0000003C 68[10000000]                        push dword format
    46 00000041 FF15[00000000]                      call [scanf]
    47 00000047 83C408                              add esp, 4*2
    48                                      
    49 0000004A 43                              inc ebx
    50                                                  
    51 0000004B 53                              push ebx
    52 0000004C 68[00000000]                    push dword mesaj
    53 00000051 FF15[00000000]                  call [printf]
    54 00000057 83C408                          add esp,4*2  
    55                                              
    56                                          sir_s3:
    57 0000005A 68[27000000]                        push dword s3
    58 0000005F 68[10000000]                        push dword format
    59 00000064 FF15[00000000]                      call [scanf]
    60 0000006A 83C408                              add esp, 4*2
    61                                             
    62 0000006D B8[13000000]                    mov eax, s1
    63 00000072 BB[1D000000]                    mov ebx, s2
    64 00000077 BA[27000000]                    mov edx, s3
    65 0000007C E8(00000000)                    call concatenare
    66                                          
    67 00000081 68[31000000]                    push dword sFinal
    68 00000086 68[95000000]                    push dword mesajFinal
    69 0000008B FF15[00000000]                  call [printf]
    70 00000091 83C408                          add esp, 4*2
    71                                          
    72 00000094 6A00                            push dword 0     
    73 00000096 FF15[00000000]                  call [exit]     
